[0.615s] Invoking command in '/home/matthieu/ros2_ws/src/web_control': DEBUGINFOD_URLS=https://debuginfod.ubuntu.com PYTHONPATH=/home/matthieu/ros2_ws/build/web_control/prefix_override:/usr/lib/python3/dist-packages/colcon_core/task/python/colcon_distutils_commands:/home/matthieu/ros2_ws/install/web_control/lib/python3.12/site-packages:${PYTHONPATH} /usr/bin/python3 -W ignore:setup.py install is deprecated -W ignore:easy_install command is deprecated setup.py egg_info --egg-base ../../build/web_control build --build-base /home/matthieu/ros2_ws/build/web_control/build install --record /home/matthieu/ros2_ws/build/web_control/install.log --single-version-externally-managed install_data
[0.807s] running egg_info
[0.820s] writing ../../build/web_control/web_control.egg-info/PKG-INFO
[0.820s] writing dependency_links to ../../build/web_control/web_control.egg-info/dependency_links.txt
[0.820s] writing entry points to ../../build/web_control/web_control.egg-info/entry_points.txt
[0.821s] writing requirements to ../../build/web_control/web_control.egg-info/requires.txt
[0.821s] writing top-level names to ../../build/web_control/web_control.egg-info/top_level.txt
[0.856s] reading manifest file '../../build/web_control/web_control.egg-info/SOURCES.txt'
[0.879s] writing manifest file '../../build/web_control/web_control.egg-info/SOURCES.txt'
[0.879s] running build
[0.879s] running build_py
[0.880s] running install
[0.884s] running install_lib
[0.899s] running install_data
[0.899s] copying web/index.html -> /home/matthieu/ros2_ws/install/web_control/share/web_control/web
[0.899s] copying web/app.js -> /home/matthieu/ros2_ws/install/web_control/share/web_control/web
[0.926s] running install_egg_info
[0.941s] removing '/home/matthieu/ros2_ws/install/web_control/lib/python3.12/site-packages/web_control-1.0.0-py3.12.egg-info' (and everything under it)
[0.941s] Copying ../../build/web_control/web_control.egg-info to /home/matthieu/ros2_ws/install/web_control/lib/python3.12/site-packages/web_control-1.0.0-py3.12.egg-info
[0.942s] running install_scripts
[1.035s] Installing backend_node script to /home/matthieu/ros2_ws/install/web_control/lib/web_control
[1.049s] writing list of installed files to '/home/matthieu/ros2_ws/build/web_control/install.log'
[1.068s] Invoked command in '/home/matthieu/ros2_ws/src/web_control' returned '0': DEBUGINFOD_URLS=https://debuginfod.ubuntu.com PYTHONPATH=/home/matthieu/ros2_ws/build/web_control/prefix_override:/usr/lib/python3/dist-packages/colcon_core/task/python/colcon_distutils_commands:/home/matthieu/ros2_ws/install/web_control/lib/python3.12/site-packages:${PYTHONPATH} /usr/bin/python3 -W ignore:setup.py install is deprecated -W ignore:easy_install command is deprecated setup.py egg_info --egg-base ../../build/web_control build --build-base /home/matthieu/ros2_ws/build/web_control/build install --record /home/matthieu/ros2_ws/build/web_control/install.log --single-version-externally-managed install_data
