[0.535s] Invoking command in '/home/matthieu/ros2_ws/build/web_control': DEBUGINFOD_URLS=https://debuginfod.ubuntu.com PYTHONPATH=/home/matthieu/ros2_ws/build/web_control/prefix_override:/usr/lib/python3/dist-packages/colcon_core/task/python/colcon_distutils_commands:/home/matthieu/ros2_ws/install/web_control/lib/python3.12/site-packages:${PYTHONPATH} /usr/bin/python3 -W ignore:setup.py install is deprecated -W ignore:easy_install command is deprecated setup.py develop --editable --build-directory /home/matthieu/ros2_ws/build/web_control/build --no-deps symlink_data
[0.761s] running develop
[0.894s] running egg_info
[0.894s] creating web_control.egg-info
[0.908s] writing web_control.egg-info/PKG-INFO
[0.908s] writing dependency_links to web_control.egg-info/dependency_links.txt
[0.908s] writing entry points to web_control.egg-info/entry_points.txt
[0.908s] writing requirements to web_control.egg-info/requires.txt
[0.908s] writing top-level names to web_control.egg-info/top_level.txt
[0.908s] writing manifest file 'web_control.egg-info/SOURCES.txt'
[0.952s] reading manifest file 'web_control.egg-info/SOURCES.txt'
[0.953s] writing manifest file 'web_control.egg-info/SOURCES.txt'
[0.969s] running build_ext
[0.969s] Creating /home/matthieu/ros2_ws/install/web_control/lib/python3.12/site-packages/web-control.egg-link (link to .)
[0.970s] Installing backend_node script to /home/matthieu/ros2_ws/install/web_control/lib/web_control
[0.970s] 
[0.970s] Installed /home/matthieu/ros2_ws/build/web_control
[0.970s] running symlink_data
[0.970s] creating /home/matthieu/ros2_ws/install/web_control/share/ament_index
[0.970s] creating /home/matthieu/ros2_ws/install/web_control/share/ament_index/resource_index
[0.970s] creating /home/matthieu/ros2_ws/install/web_control/share/ament_index/resource_index/packages
[0.970s] symbolically linking /home/matthieu/ros2_ws/build/web_control/resource/web_control -> /home/matthieu/ros2_ws/install/web_control/share/ament_index/resource_index/packages
[0.970s] symbolically linking /home/matthieu/ros2_ws/build/web_control/package.xml -> /home/matthieu/ros2_ws/install/web_control/share/web_control
[0.970s] creating /home/matthieu/ros2_ws/install/web_control/share/web_control/launch
[0.970s] symbolically linking /home/matthieu/ros2_ws/build/web_control/launch/web_control_full.launch.py -> /home/matthieu/ros2_ws/install/web_control/share/web_control/launch
[0.970s] creating /home/matthieu/ros2_ws/install/web_control/share/web_control/web
[0.970s] symbolically linking /home/matthieu/ros2_ws/build/web_control/web/saint-cyr.png -> /home/matthieu/ros2_ws/install/web_control/share/web_control/web
[0.970s] symbolically linking /home/matthieu/ros2_ws/build/web_control/web/logo-polytech.png -> /home/matthieu/ros2_ws/install/web_control/share/web_control/web
[0.970s] symbolically linking /home/matthieu/ros2_ws/build/web_control/web/style.css -> /home/matthieu/ros2_ws/install/web_control/share/web_control/web
[0.970s] symbolically linking /home/matthieu/ros2_ws/build/web_control/web/index.html -> /home/matthieu/ros2_ws/install/web_control/share/web_control/web
[0.970s] symbolically linking /home/matthieu/ros2_ws/build/web_control/web/app.js -> /home/matthieu/ros2_ws/install/web_control/share/web_control/web
[0.970s] creating /home/matthieu/ros2_ws/install/web_control/share/web_control/web/navig
[0.970s] symbolically linking /home/matthieu/ros2_ws/build/web_control/web/navig/logo.png -> /home/matthieu/ros2_ws/install/web_control/share/web_control/web/navig
[0.971s] symbolically linking /home/matthieu/ros2_ws/build/web_control/web/navig/navig.css -> /home/matthieu/ros2_ws/install/web_control/share/web_control/web/navig
[0.971s] symbolically linking /home/matthieu/ros2_ws/build/web_control/web/navig/map.jpg -> /home/matthieu/ros2_ws/install/web_control/share/web_control/web/navig
[0.971s] symbolically linking /home/matthieu/ros2_ws/build/web_control/web/navig/navig.js -> /home/matthieu/ros2_ws/install/web_control/share/web_control/web/navig
[0.971s] symbolically linking /home/matthieu/ros2_ws/build/web_control/web/navig/settings.png -> /home/matthieu/ros2_ws/install/web_control/share/web_control/web/navig
[0.971s] symbolically linking /home/matthieu/ros2_ws/build/web_control/web/navig/navig.html -> /home/matthieu/ros2_ws/install/web_control/share/web_control/web/navig
[0.971s] symbolically linking /home/matthieu/ros2_ws/build/web_control/web/navig/blank_area.json -> /home/matthieu/ros2_ws/install/web_control/share/web_control/web/navig
[0.971s] creating /home/matthieu/ros2_ws/install/web_control/share/web_control/web/accueil
[0.971s] symbolically linking /home/matthieu/ros2_ws/build/web_control/web/accueil/home.png -> /home/matthieu/ros2_ws/install/web_control/share/web_control/web/accueil
[0.971s] symbolically linking /home/matthieu/ros2_ws/build/web_control/web/accueil/logo.png -> /home/matthieu/ros2_ws/install/web_control/share/web_control/web/accueil
[0.971s] symbolically linking /home/matthieu/ros2_ws/build/web_control/web/accueil/CURT.jpg -> /home/matthieu/ros2_ws/install/web_control/share/web_control/web/accueil
[0.971s] symbolically linking /home/matthieu/ros2_ws/build/web_control/web/accueil/bras.jpg -> /home/matthieu/ros2_ws/install/web_control/share/web_control/web/accueil
[0.971s] symbolically linking /home/matthieu/ros2_ws/build/web_control/web/accueil/page_presentation.html -> /home/matthieu/ros2_ws/install/web_control/share/web_control/web/accueil
[0.971s] creating /home/matthieu/ros2_ws/install/web_control/share/web_control/web/galerie
[0.971s] symbolically linking /home/matthieu/ros2_ws/build/web_control/web/galerie/gallery.html -> /home/matthieu/ros2_ws/install/web_control/share/web_control/web/galerie
[0.992s] Invoked command in '/home/matthieu/ros2_ws/build/web_control' returned '0': DEBUGINFOD_URLS=https://debuginfod.ubuntu.com PYTHONPATH=/home/matthieu/ros2_ws/build/web_control/prefix_override:/usr/lib/python3/dist-packages/colcon_core/task/python/colcon_distutils_commands:/home/matthieu/ros2_ws/install/web_control/lib/python3.12/site-packages:${PYTHONPATH} /usr/bin/python3 -W ignore:setup.py install is deprecated -W ignore:easy_install command is deprecated setup.py develop --editable --build-directory /home/matthieu/ros2_ws/build/web_control/build --no-deps symlink_data
