[0.223s] DEBUG:colcon:Command line arguments: ['/usr/bin/colcon', 'build', '--symlink-install']
[0.224s] DEBUG:colcon:Parsed command line arguments: Namespace(log_base=None, log_level=None, verb_name='build', build_base='build', install_base='install', merge_install=False, symlink_install=True, test_result_base=None, continue_on_error=False, executor='parallel', parallel_workers=16, event_handlers=None, ignore_user_meta=False, metas=['./colcon.meta'], base_paths=['.'], packages_ignore=None, packages_ignore_regex=None, paths=None, packages_up_to=None, packages_up_to_regex=None, packages_above=None, packages_above_and_dependencies=None, packages_above_depth=None, packages_select_by_dep=None, packages_skip_by_dep=None, packages_skip_up_to=None, packages_select_build_failed=False, packages_skip_build_finished=False, packages_select_test_failures=False, packages_skip_test_passed=False, packages_select=None, packages_skip=None, packages_select_regex=None, packages_skip_regex=None, packages_start=None, packages_end=None, allow_overriding=[], cmake_args=None, cmake_target=None, cmake_target_skip_unavailable=False, cmake_clean_cache=False, cmake_clean_first=False, cmake_force_configure=False, ament_cmake_args=None, catkin_cmake_args=None, catkin_skip_building_tests=False, mixin_files=None, mixin=None, verb_parser=<colcon_mixin.mixin.mixin_argument.MixinArgumentDecorator object at 0x76ef820bbc50>, verb_extension=<colcon_core.verb.build.BuildVerb object at 0x76ef820946e0>, main=<bound method BuildVerb.main of <colcon_core.verb.build.BuildVerb object at 0x76ef820946e0>>, mixin_verb=('build',))
[0.269s] Level 1:colcon.colcon_core.package_discovery:discover_packages(colcon_meta) check parameters
[0.269s] Level 1:colcon.colcon_core.package_discovery:discover_packages(recursive) check parameters
[0.269s] Level 1:colcon.colcon_core.package_discovery:discover_packages(ignore) check parameters
[0.269s] Level 1:colcon.colcon_core.package_discovery:discover_packages(path) check parameters
[0.269s] Level 1:colcon.colcon_core.package_discovery:discover_packages(colcon_meta) discover
[0.269s] Level 1:colcon.colcon_core.package_discovery:discover_packages(recursive) discover
[0.269s] INFO:colcon.colcon_core.package_discovery:Crawling recursively for packages in '/home/matthieu/ros2_ws'
[0.269s] Level 1:colcon.colcon_core.package_identification:_identify(.) by extensions ['ignore', 'ignore_ament_install']
[0.269s] Level 1:colcon.colcon_core.package_identification:_identify(.) by extension 'ignore'
[0.269s] Level 1:colcon.colcon_core.package_identification:_identify(.) by extension 'ignore_ament_install'
[0.269s] Level 1:colcon.colcon_core.package_identification:_identify(.) by extensions ['colcon_pkg']
[0.269s] Level 1:colcon.colcon_core.package_identification:_identify(.) by extension 'colcon_pkg'
[0.269s] Level 1:colcon.colcon_core.package_identification:_identify(.) by extensions ['colcon_meta']
[0.269s] Level 1:colcon.colcon_core.package_identification:_identify(.) by extension 'colcon_meta'
[0.269s] Level 1:colcon.colcon_core.package_identification:_identify(.) by extensions ['ros']
[0.269s] Level 1:colcon.colcon_core.package_identification:_identify(.) by extension 'ros'
[0.295s] Level 1:colcon.colcon_core.package_identification:_identify(.) by extensions ['cmake', 'python']
[0.295s] Level 1:colcon.colcon_core.package_identification:_identify(.) by extension 'cmake'
[0.295s] Level 1:colcon.colcon_core.package_identification:_identify(.) by extension 'python'
[0.295s] Level 1:colcon.colcon_core.package_identification:_identify(.) by extensions ['python_setup_py']
[0.295s] Level 1:colcon.colcon_core.package_identification:_identify(.) by extension 'python_setup_py'
[0.295s] Level 1:colcon.colcon_core.package_identification:_identify(build) by extensions ['ignore', 'ignore_ament_install']
[0.295s] Level 1:colcon.colcon_core.package_identification:_identify(build) by extension 'ignore'
[0.295s] Level 1:colcon.colcon_core.package_identification:_identify(build) ignored
[0.295s] Level 1:colcon.colcon_core.package_identification:_identify(install) by extensions ['ignore', 'ignore_ament_install']
[0.296s] Level 1:colcon.colcon_core.package_identification:_identify(install) by extension 'ignore'
[0.296s] Level 1:colcon.colcon_core.package_identification:_identify(install) ignored
[0.296s] Level 1:colcon.colcon_core.package_identification:_identify(log) by extensions ['ignore', 'ignore_ament_install']
[0.296s] Level 1:colcon.colcon_core.package_identification:_identify(log) by extension 'ignore'
[0.296s] Level 1:colcon.colcon_core.package_identification:_identify(log) ignored
[0.296s] Level 1:colcon.colcon_core.package_identification:_identify(projet-documentation) by extensions ['ignore', 'ignore_ament_install']
[0.296s] Level 1:colcon.colcon_core.package_identification:_identify(projet-documentation) by extension 'ignore'
[0.296s] Level 1:colcon.colcon_core.package_identification:_identify(projet-documentation) by extension 'ignore_ament_install'
[0.296s] Level 1:colcon.colcon_core.package_identification:_identify(projet-documentation) by extensions ['colcon_pkg']
[0.296s] Level 1:colcon.colcon_core.package_identification:_identify(projet-documentation) by extension 'colcon_pkg'
[0.296s] Level 1:colcon.colcon_core.package_identification:_identify(projet-documentation) by extensions ['colcon_meta']
[0.296s] Level 1:colcon.colcon_core.package_identification:_identify(projet-documentation) by extension 'colcon_meta'
[0.296s] Level 1:colcon.colcon_core.package_identification:_identify(projet-documentation) by extensions ['ros']
[0.296s] Level 1:colcon.colcon_core.package_identification:_identify(projet-documentation) by extension 'ros'
[0.296s] Level 1:colcon.colcon_core.package_identification:_identify(projet-documentation) by extensions ['cmake', 'python']
[0.296s] Level 1:colcon.colcon_core.package_identification:_identify(projet-documentation) by extension 'cmake'
[0.296s] Level 1:colcon.colcon_core.package_identification:_identify(projet-documentation) by extension 'python'
[0.296s] Level 1:colcon.colcon_core.package_identification:_identify(projet-documentation) by extensions ['python_setup_py']
[0.296s] Level 1:colcon.colcon_core.package_identification:_identify(projet-documentation) by extension 'python_setup_py'
[0.297s] Level 1:colcon.colcon_core.package_identification:_identify(script_robot) by extensions ['ignore', 'ignore_ament_install']
[0.297s] Level 1:colcon.colcon_core.package_identification:_identify(script_robot) by extension 'ignore'
[0.297s] Level 1:colcon.colcon_core.package_identification:_identify(script_robot) by extension 'ignore_ament_install'
[0.297s] Level 1:colcon.colcon_core.package_identification:_identify(script_robot) by extensions ['colcon_pkg']
[0.297s] Level 1:colcon.colcon_core.package_identification:_identify(script_robot) by extension 'colcon_pkg'
[0.297s] Level 1:colcon.colcon_core.package_identification:_identify(script_robot) by extensions ['colcon_meta']
[0.297s] Level 1:colcon.colcon_core.package_identification:_identify(script_robot) by extension 'colcon_meta'
[0.297s] Level 1:colcon.colcon_core.package_identification:_identify(script_robot) by extensions ['ros']
[0.297s] Level 1:colcon.colcon_core.package_identification:_identify(script_robot) by extension 'ros'
[0.297s] Level 1:colcon.colcon_core.package_identification:_identify(script_robot) by extensions ['cmake', 'python']
[0.297s] Level 1:colcon.colcon_core.package_identification:_identify(script_robot) by extension 'cmake'
[0.297s] Level 1:colcon.colcon_core.package_identification:_identify(script_robot) by extension 'python'
[0.297s] Level 1:colcon.colcon_core.package_identification:_identify(script_robot) by extensions ['python_setup_py']
[0.297s] Level 1:colcon.colcon_core.package_identification:_identify(script_robot) by extension 'python_setup_py'
[0.297s] Level 1:colcon.colcon_core.package_identification:_identify(src) by extensions ['ignore', 'ignore_ament_install']
[0.297s] Level 1:colcon.colcon_core.package_identification:_identify(src) by extension 'ignore'
[0.297s] Level 1:colcon.colcon_core.package_identification:_identify(src) by extension 'ignore_ament_install'
[0.297s] Level 1:colcon.colcon_core.package_identification:_identify(src) by extensions ['colcon_pkg']
[0.297s] Level 1:colcon.colcon_core.package_identification:_identify(src) by extension 'colcon_pkg'
[0.297s] Level 1:colcon.colcon_core.package_identification:_identify(src) by extensions ['colcon_meta']
[0.297s] Level 1:colcon.colcon_core.package_identification:_identify(src) by extension 'colcon_meta'
[0.297s] Level 1:colcon.colcon_core.package_identification:_identify(src) by extensions ['ros']
[0.297s] Level 1:colcon.colcon_core.package_identification:_identify(src) by extension 'ros'
[0.297s] Level 1:colcon.colcon_core.package_identification:_identify(src) by extensions ['cmake', 'python']
[0.298s] Level 1:colcon.colcon_core.package_identification:_identify(src) by extension 'cmake'
[0.298s] Level 1:colcon.colcon_core.package_identification:_identify(src) by extension 'python'
[0.298s] Level 1:colcon.colcon_core.package_identification:_identify(src) by extensions ['python_setup_py']
[0.298s] Level 1:colcon.colcon_core.package_identification:_identify(src) by extension 'python_setup_py'
[0.298s] Level 1:colcon.colcon_core.package_identification:_identify(src/web_control) by extensions ['ignore', 'ignore_ament_install']
[0.298s] Level 1:colcon.colcon_core.package_identification:_identify(src/web_control) by extension 'ignore'
[0.298s] Level 1:colcon.colcon_core.package_identification:_identify(src/web_control) by extension 'ignore_ament_install'
[0.298s] Level 1:colcon.colcon_core.package_identification:_identify(src/web_control) by extensions ['colcon_pkg']
[0.298s] Level 1:colcon.colcon_core.package_identification:_identify(src/web_control) by extension 'colcon_pkg'
[0.298s] Level 1:colcon.colcon_core.package_identification:_identify(src/web_control) by extensions ['colcon_meta']
[0.298s] Level 1:colcon.colcon_core.package_identification:_identify(src/web_control) by extension 'colcon_meta'
[0.298s] Level 1:colcon.colcon_core.package_identification:_identify(src/web_control) by extensions ['ros']
[0.298s] Level 1:colcon.colcon_core.package_identification:_identify(src/web_control) by extension 'ros'
[0.302s] DEBUG:colcon.colcon_core.package_identification:Package 'src/web_control' with type 'ros.ament_python' and name 'web_control'
[0.302s] Level 1:colcon.colcon_core.package_discovery:discover_packages(recursive) using defaults
[0.302s] Level 1:colcon.colcon_core.package_discovery:discover_packages(ignore) discover
[0.302s] Level 1:colcon.colcon_core.package_discovery:discover_packages(ignore) using defaults
[0.302s] Level 1:colcon.colcon_core.package_discovery:discover_packages(path) discover
[0.302s] Level 1:colcon.colcon_core.package_discovery:discover_packages(path) using defaults
[0.342s] Level 1:colcon.colcon_core.package_discovery:discover_packages(prefix_path) check parameters
[0.342s] Level 1:colcon.colcon_core.package_discovery:discover_packages(prefix_path) discover
[0.349s] DEBUG:colcon.colcon_installed_package_information.package_discovery:Found 1 installed packages in /home/matthieu/ros2_ws2/install
[0.350s] DEBUG:colcon.colcon_installed_package_information.package_discovery:Found 1 installed packages in /home/matthieu/ros2_ws/install
[0.351s] DEBUG:colcon.colcon_installed_package_information.package_discovery:Found 1 installed packages in /home/matthieu/install
[0.354s] DEBUG:colcon.colcon_installed_package_information.package_discovery:Found 378 installed packages in /opt/ros/jazzy
[0.356s] Level 1:colcon.colcon_core.package_discovery:discover_packages(prefix_path) using defaults
[0.419s] Level 5:colcon.colcon_core.verb:set package 'web_control' build argument 'cmake_args' from command line to 'None'
[0.419s] Level 5:colcon.colcon_core.verb:set package 'web_control' build argument 'cmake_target' from command line to 'None'
[0.419s] Level 5:colcon.colcon_core.verb:set package 'web_control' build argument 'cmake_target_skip_unavailable' from command line to 'False'
[0.419s] Level 5:colcon.colcon_core.verb:set package 'web_control' build argument 'cmake_clean_cache' from command line to 'False'
[0.419s] Level 5:colcon.colcon_core.verb:set package 'web_control' build argument 'cmake_clean_first' from command line to 'False'
[0.419s] Level 5:colcon.colcon_core.verb:set package 'web_control' build argument 'cmake_force_configure' from command line to 'False'
[0.419s] Level 5:colcon.colcon_core.verb:set package 'web_control' build argument 'ament_cmake_args' from command line to 'None'
[0.419s] Level 5:colcon.colcon_core.verb:set package 'web_control' build argument 'catkin_cmake_args' from command line to 'None'
[0.419s] Level 5:colcon.colcon_core.verb:set package 'web_control' build argument 'catkin_skip_building_tests' from command line to 'False'
[0.419s] DEBUG:colcon.colcon_core.verb:Building package 'web_control' with the following arguments: {'ament_cmake_args': None, 'build_base': '/home/matthieu/ros2_ws/build/web_control', 'catkin_cmake_args': None, 'catkin_skip_building_tests': False, 'cmake_args': None, 'cmake_clean_cache': False, 'cmake_clean_first': False, 'cmake_force_configure': False, 'cmake_target': None, 'cmake_target_skip_unavailable': False, 'install_base': '/home/matthieu/ros2_ws/install/web_control', 'merge_install': False, 'path': '/home/matthieu/ros2_ws/src/web_control', 'symlink_install': True, 'test_result_base': None}
[0.420s] INFO:colcon.colcon_core.executor:Executing jobs using 'parallel' executor
[0.421s] DEBUG:colcon.colcon_parallel_executor.executor.parallel:run_until_complete
[0.421s] INFO:colcon.colcon_ros.task.ament_python.build:Building ROS package in '/home/matthieu/ros2_ws/src/web_control' with build type 'ament_python'
[0.421s] Level 1:colcon.colcon_core.shell:create_environment_hook('web_control', 'ament_prefix_path')
[0.428s] INFO:colcon.colcon_core.plugin_system:Skipping extension 'colcon_core.shell.bat': Not used on non-Windows systems
[0.429s] INFO:colcon.colcon_core.shell:Creating environment hook '/home/matthieu/ros2_ws/install/web_control/share/web_control/hook/ament_prefix_path.ps1'
[0.429s] INFO:colcon.colcon_core.shell:Creating environment descriptor '/home/matthieu/ros2_ws/install/web_control/share/web_control/hook/ament_prefix_path.dsv'
[0.430s] INFO:colcon.colcon_core.shell:Creating environment hook '/home/matthieu/ros2_ws/install/web_control/share/web_control/hook/ament_prefix_path.sh'
[0.431s] INFO:colcon.colcon_core.shell:Skip shell extension 'powershell' for command environment: Not usable outside of PowerShell
[0.431s] DEBUG:colcon.colcon_core.shell:Skip shell extension 'dsv' for command environment
[0.698s] INFO:colcon.colcon_core.task.python.build:Building Python package in '/home/matthieu/ros2_ws/src/web_control'
[0.698s] INFO:colcon.colcon_core.shell:Skip shell extension 'powershell' for command environment: Not usable outside of PowerShell
[0.698s] DEBUG:colcon.colcon_core.shell:Skip shell extension 'dsv' for command environment
[1.480s] DEBUG:colcon.colcon_core.event_handler.log_command:Invoking command in '/home/matthieu/ros2_ws/build/web_control': DEBUGINFOD_URLS=https://debuginfod.ubuntu.com PYTHONPATH=/home/matthieu/ros2_ws/build/web_control/prefix_override:/usr/lib/python3/dist-packages/colcon_core/task/python/colcon_distutils_commands:/home/matthieu/ros2_ws/install/web_control/lib/python3.12/site-packages:${PYTHONPATH} /usr/bin/python3 -W ignore:setup.py install is deprecated -W ignore:easy_install command is deprecated setup.py develop --editable --build-directory /home/matthieu/ros2_ws/build/web_control/build --no-deps symlink_data
[2.335s] Level 1:colcon.colcon_core.shell:create_environment_hook('web_control', 'pythonpath_develop')
[2.335s] INFO:colcon.colcon_core.shell:Creating environment hook '/home/matthieu/ros2_ws/build/web_control/share/web_control/hook/pythonpath_develop.ps1'
[2.336s] DEBUG:colcon.colcon_core.event_handler.log_command:Invoked command in '/home/matthieu/ros2_ws/build/web_control' returned '0': DEBUGINFOD_URLS=https://debuginfod.ubuntu.com PYTHONPATH=/home/matthieu/ros2_ws/build/web_control/prefix_override:/usr/lib/python3/dist-packages/colcon_core/task/python/colcon_distutils_commands:/home/matthieu/ros2_ws/install/web_control/lib/python3.12/site-packages:${PYTHONPATH} /usr/bin/python3 -W ignore:setup.py install is deprecated -W ignore:easy_install command is deprecated setup.py develop --editable --build-directory /home/matthieu/ros2_ws/build/web_control/build --no-deps symlink_data
[2.336s] INFO:colcon.colcon_core.shell:Creating environment descriptor '/home/matthieu/ros2_ws/build/web_control/share/web_control/hook/pythonpath_develop.dsv'
[2.337s] INFO:colcon.colcon_core.shell:Creating environment hook '/home/matthieu/ros2_ws/build/web_control/share/web_control/hook/pythonpath_develop.sh'
[2.342s] Level 1:colcon.colcon_core.environment:checking '/home/matthieu/ros2_ws/install/web_control' for CMake module files
[2.342s] Level 1:colcon.colcon_core.environment:checking '/home/matthieu/ros2_ws/install/web_control' for CMake config files
[2.366s] Level 1:colcon.colcon_core.environment:checking '/home/matthieu/ros2_ws/install/web_control/lib'
[2.366s] Level 1:colcon.colcon_core.environment:checking '/home/matthieu/ros2_ws/install/web_control/bin'
[2.367s] Level 1:colcon.colcon_core.environment:checking '/home/matthieu/ros2_ws/install/web_control/lib/pkgconfig/web_control.pc'
[2.367s] Level 1:colcon.colcon_core.environment:checking '/home/matthieu/ros2_ws/install/web_control/lib/python3.12/site-packages'
[2.367s] Level 1:colcon.colcon_core.shell:create_environment_hook('web_control', 'pythonpath')
[2.368s] INFO:colcon.colcon_core.shell:Creating environment hook '/home/matthieu/ros2_ws/install/web_control/share/web_control/hook/pythonpath.ps1'
[2.369s] INFO:colcon.colcon_core.shell:Creating environment descriptor '/home/matthieu/ros2_ws/install/web_control/share/web_control/hook/pythonpath.dsv'
[2.369s] INFO:colcon.colcon_core.shell:Creating environment hook '/home/matthieu/ros2_ws/install/web_control/share/web_control/hook/pythonpath.sh'
[2.371s] Level 1:colcon.colcon_core.environment:checking '/home/matthieu/ros2_ws/install/web_control/bin'
[2.371s] Level 1:colcon.colcon_core.environment:create_environment_scripts_only(web_control)
[2.371s] INFO:colcon.colcon_core.shell:Creating package script '/home/matthieu/ros2_ws/install/web_control/share/web_control/package.ps1'
[2.374s] INFO:colcon.colcon_core.shell:Creating package descriptor '/home/matthieu/ros2_ws/install/web_control/share/web_control/package.dsv'
[2.375s] INFO:colcon.colcon_core.shell:Creating package script '/home/matthieu/ros2_ws/install/web_control/share/web_control/package.sh'
[2.376s] INFO:colcon.colcon_core.shell:Creating package script '/home/matthieu/ros2_ws/install/web_control/share/web_control/package.bash'
[2.377s] INFO:colcon.colcon_core.shell:Creating package script '/home/matthieu/ros2_ws/install/web_control/share/web_control/package.zsh'
[2.378s] Level 1:colcon.colcon_core.environment:create_file_with_runtime_dependencies(/home/matthieu/ros2_ws/install/web_control/share/colcon-core/packages/web_control)
[2.379s] DEBUG:colcon.colcon_parallel_executor.executor.parallel:closing loop
[2.380s] DEBUG:colcon.colcon_parallel_executor.executor.parallel:loop closed
[2.380s] DEBUG:colcon.colcon_parallel_executor.executor.parallel:run_until_complete finished with '0'
[2.380s] DEBUG:colcon.colcon_core.event_reactor:joining thread
[2.396s] INFO:colcon.colcon_core.plugin_system:Skipping extension 'colcon_notification.desktop_notification.terminal_notifier': Not used on non-Darwin systems
[2.396s] INFO:colcon.colcon_core.plugin_system:Skipping extension 'colcon_notification.desktop_notification.win32': Not used on non-Windows systems
[2.396s] INFO:colcon.colcon_notification.desktop_notification:Sending desktop notification using 'notify2'
[2.421s] DEBUG:colcon.colcon_core.event_reactor:joined thread
[2.421s] INFO:colcon.colcon_core.shell:Creating prefix script '/home/matthieu/ros2_ws/install/local_setup.ps1'
[2.423s] INFO:colcon.colcon_core.shell:Creating prefix util module '/home/matthieu/ros2_ws/install/_local_setup_util_ps1.py'
[2.426s] INFO:colcon.colcon_core.shell:Creating prefix chain script '/home/matthieu/ros2_ws/install/setup.ps1'
[2.428s] INFO:colcon.colcon_core.shell:Creating prefix script '/home/matthieu/ros2_ws/install/local_setup.sh'
[2.429s] INFO:colcon.colcon_core.shell:Creating prefix util module '/home/matthieu/ros2_ws/install/_local_setup_util_sh.py'
[2.430s] INFO:colcon.colcon_core.shell:Creating prefix chain script '/home/matthieu/ros2_ws/install/setup.sh'
[2.432s] INFO:colcon.colcon_core.shell:Creating prefix script '/home/matthieu/ros2_ws/install/local_setup.bash'
[2.433s] INFO:colcon.colcon_core.shell:Creating prefix chain script '/home/matthieu/ros2_ws/install/setup.bash'
[2.435s] INFO:colcon.colcon_core.shell:Creating prefix script '/home/matthieu/ros2_ws/install/local_setup.zsh'
[2.436s] INFO:colcon.colcon_core.shell:Creating prefix chain script '/home/matthieu/ros2_ws/install/setup.zsh'
