[1.677s] Invoking command in '/home/matthieu/ros2_ws/build/web_control': DEBUGINFOD_URLS=https://debuginfod.ubuntu.com PYTHONPATH=/home/matthieu/ros2_ws/build/web_control/prefix_override:/usr/lib/python3/dist-packages/colcon_core/task/python/colcon_distutils_commands:/home/matthieu/ros2_ws/install/web_control/lib/python3.12/site-packages:${PYTHONPATH} /usr/bin/python3 -W ignore:setup.py install is deprecated -W ignore:easy_install command is deprecated setup.py develop --editable --build-directory /home/matthieu/ros2_ws/build/web_control/build --no-deps symlink_data
[2.402s] running develop
[2.904s] running egg_info
[2.904s] creating web_control.egg-info
[2.954s] writing web_control.egg-info/PKG-INFO
[2.954s] writing dependency_links to web_control.egg-info/dependency_links.txt
[2.955s] writing entry points to web_control.egg-info/entry_points.txt
[2.955s] writing requirements to web_control.egg-info/requires.txt
[2.955s] writing top-level names to web_control.egg-info/top_level.txt
[2.955s] writing manifest file 'web_control.egg-info/SOURCES.txt'
[3.051s] reading manifest file 'web_control.egg-info/SOURCES.txt'
[3.052s] writing manifest file 'web_control.egg-info/SOURCES.txt'
[3.104s] running build_ext
[3.104s] Creating /home/matthieu/ros2_ws/install/web_control/lib/python3.12/site-packages/web-control.egg-link (link to .)
[3.105s] Installing backend_node script to /home/matthieu/ros2_ws/install/web_control/lib/web_control
[3.106s] 
[3.106s] Installed /home/matthieu/ros2_ws/build/web_control
[3.106s] running symlink_data
[3.106s] creating /home/matthieu/ros2_ws/install/web_control/share/ament_index
[3.106s] creating /home/matthieu/ros2_ws/install/web_control/share/ament_index/resource_index
[3.107s] creating /home/matthieu/ros2_ws/install/web_control/share/ament_index/resource_index/packages
[3.107s] symbolically linking /home/matthieu/ros2_ws/build/web_control/resource/web_control -> /home/matthieu/ros2_ws/install/web_control/share/ament_index/resource_index/packages
[3.107s] symbolically linking /home/matthieu/ros2_ws/build/web_control/package.xml -> /home/matthieu/ros2_ws/install/web_control/share/web_control
[3.107s] creating /home/matthieu/ros2_ws/install/web_control/share/web_control/launch
[3.107s] symbolically linking /home/matthieu/ros2_ws/build/web_control/launch/web_control_full.launch.py -> /home/matthieu/ros2_ws/install/web_control/share/web_control/launch
[3.108s] creating /home/matthieu/ros2_ws/install/web_control/share/web_control/web
[3.108s] symbolically linking /home/matthieu/ros2_ws/build/web_control/web/saint-cyr.png -> /home/matthieu/ros2_ws/install/web_control/share/web_control/web
[3.108s] symbolically linking /home/matthieu/ros2_ws/build/web_control/web/logo-polytech.png -> /home/matthieu/ros2_ws/install/web_control/share/web_control/web
[3.108s] symbolically linking /home/matthieu/ros2_ws/build/web_control/web/style.css -> /home/matthieu/ros2_ws/install/web_control/share/web_control/web
[3.108s] symbolically linking /home/matthieu/ros2_ws/build/web_control/web/index.html -> /home/matthieu/ros2_ws/install/web_control/share/web_control/web
[3.108s] symbolically linking /home/matthieu/ros2_ws/build/web_control/web/app.js -> /home/matthieu/ros2_ws/install/web_control/share/web_control/web
[3.109s] creating /home/matthieu/ros2_ws/install/web_control/share/web_control/web/navig
[3.109s] symbolically linking /home/matthieu/ros2_ws/build/web_control/web/navig/logo.png -> /home/matthieu/ros2_ws/install/web_control/share/web_control/web/navig
[3.109s] symbolically linking /home/matthieu/ros2_ws/build/web_control/web/navig/navig.css -> /home/matthieu/ros2_ws/install/web_control/share/web_control/web/navig
[3.109s] symbolically linking /home/matthieu/ros2_ws/build/web_control/web/navig/map.jpg -> /home/matthieu/ros2_ws/install/web_control/share/web_control/web/navig
[3.110s] symbolically linking /home/matthieu/ros2_ws/build/web_control/web/navig/navig.js -> /home/matthieu/ros2_ws/install/web_control/share/web_control/web/navig
[3.110s] symbolically linking /home/matthieu/ros2_ws/build/web_control/web/navig/settings.png -> /home/matthieu/ros2_ws/install/web_control/share/web_control/web/navig
[3.110s] symbolically linking /home/matthieu/ros2_ws/build/web_control/web/navig/navig.html -> /home/matthieu/ros2_ws/install/web_control/share/web_control/web/navig
[3.110s] symbolically linking /home/matthieu/ros2_ws/build/web_control/web/navig/blank_area.json -> /home/matthieu/ros2_ws/install/web_control/share/web_control/web/navig
[3.110s] creating /home/matthieu/ros2_ws/install/web_control/share/web_control/web/accueil
[3.110s] symbolically linking /home/matthieu/ros2_ws/build/web_control/web/accueil/home.png -> /home/matthieu/ros2_ws/install/web_control/share/web_control/web/accueil
[3.111s] symbolically linking /home/matthieu/ros2_ws/build/web_control/web/accueil/logo.png -> /home/matthieu/ros2_ws/install/web_control/share/web_control/web/accueil
[3.111s] symbolically linking /home/matthieu/ros2_ws/build/web_control/web/accueil/CURT.jpg -> /home/matthieu/ros2_ws/install/web_control/share/web_control/web/accueil
[3.111s] symbolically linking /home/matthieu/ros2_ws/build/web_control/web/accueil/bras.jpg -> /home/matthieu/ros2_ws/install/web_control/share/web_control/web/accueil
[3.112s] symbolically linking /home/matthieu/ros2_ws/build/web_control/web/accueil/page_presentation.html -> /home/matthieu/ros2_ws/install/web_control/share/web_control/web/accueil
[3.112s] creating /home/matthieu/ros2_ws/install/web_control/share/web_control/web/galerie
[3.112s] symbolically linking /home/matthieu/ros2_ws/build/web_control/web/galerie/gallery.html -> /home/matthieu/ros2_ws/install/web_control/share/web_control/web/galerie
[3.112s] creating /home/matthieu/ros2_ws/install/web_control/share/web_control/web/terminal
[3.112s] symbolically linking /home/matthieu/ros2_ws/build/web_control/web/terminal/terminal.html -> /home/matthieu/ros2_ws/install/web_control/share/web_control/web/terminal
[3.112s] symbolically linking /home/matthieu/ros2_ws/build/web_control/web/terminal/terminal.js -> /home/matthieu/ros2_ws/install/web_control/share/web_control/web/terminal
[3.187s] Invoked command in '/home/matthieu/ros2_ws/build/web_control' returned '0': DEBUGINFOD_URLS=https://debuginfod.ubuntu.com PYTHONPATH=/home/matthieu/ros2_ws/build/web_control/prefix_override:/usr/lib/python3/dist-packages/colcon_core/task/python/colcon_distutils_commands:/home/matthieu/ros2_ws/install/web_control/lib/python3.12/site-packages:${PYTHONPATH} /usr/bin/python3 -W ignore:setup.py install is deprecated -W ignore:easy_install command is deprecated setup.py develop --editable --build-directory /home/matthieu/ros2_ws/build/web_control/build --no-deps symlink_data
