[0.570s] Invoking command in '/home/matthieu/ros2_ws/src/web_control': DEBUGINFOD_URLS=https://debuginfod.ubuntu.com PYTHONPATH=/home/matthieu/ros2_ws/build/web_control/prefix_override:/usr/lib/python3/dist-packages/colcon_core/task/python/colcon_distutils_commands:/home/matthieu/ros2_ws/install/web_control/lib/python3.12/site-packages:${PYTHONPATH} /usr/bin/python3 -W ignore:setup.py install is deprecated -W ignore:easy_install command is deprecated setup.py egg_info --egg-base ../../build/web_control build --build-base /home/matthieu/ros2_ws/build/web_control/build install --record /home/matthieu/ros2_ws/build/web_control/install.log --single-version-externally-managed install_data
[0.756s] running egg_info
[0.769s] writing ../../build/web_control/web_control.egg-info/PKG-INFO
[0.769s] writing dependency_links to ../../build/web_control/web_control.egg-info/dependency_links.txt
[0.769s] writing entry points to ../../build/web_control/web_control.egg-info/entry_points.txt
[0.769s] writing requirements to ../../build/web_control/web_control.egg-info/requires.txt
[0.769s] writing top-level names to ../../build/web_control/web_control.egg-info/top_level.txt
[0.805s] reading manifest file '../../build/web_control/web_control.egg-info/SOURCES.txt'
[0.827s] writing manifest file '../../build/web_control/web_control.egg-info/SOURCES.txt'
[0.828s] running build
[0.828s] running build_py
[0.828s] running install
[0.833s] running install_lib
[0.847s] running install_data
[0.847s] copying web/index.html -> /home/matthieu/ros2_ws/install/web_control/share/web_control/web
[0.847s] copying web/app.js -> /home/matthieu/ros2_ws/install/web_control/share/web_control/web
[0.848s] copying web/stream/webrtc/webrtc_server.py -> /home/matthieu/ros2_ws/install/web_control/share/web_control/web/stream/webrtc
[0.874s] running install_egg_info
[0.889s] removing '/home/matthieu/ros2_ws/install/web_control/lib/python3.12/site-packages/web_control-1.0.0-py3.12.egg-info' (and everything under it)
[0.889s] Copying ../../build/web_control/web_control.egg-info to /home/matthieu/ros2_ws/install/web_control/lib/python3.12/site-packages/web_control-1.0.0-py3.12.egg-info
[0.890s] running install_scripts
[0.981s] Installing backend_node script to /home/matthieu/ros2_ws/install/web_control/lib/web_control
[0.995s] writing list of installed files to '/home/matthieu/ros2_ws/build/web_control/install.log'
[1.015s] Invoked command in '/home/matthieu/ros2_ws/src/web_control' returned '0': DEBUGINFOD_URLS=https://debuginfod.ubuntu.com PYTHONPATH=/home/matthieu/ros2_ws/build/web_control/prefix_override:/usr/lib/python3/dist-packages/colcon_core/task/python/colcon_distutils_commands:/home/matthieu/ros2_ws/install/web_control/lib/python3.12/site-packages:${PYTHONPATH} /usr/bin/python3 -W ignore:setup.py install is deprecated -W ignore:easy_install command is deprecated setup.py egg_info --egg-base ../../build/web_control build --build-base /home/matthieu/ros2_ws/build/web_control/build install --record /home/matthieu/ros2_ws/build/web_control/install.log --single-version-externally-managed install_data
